// Jest Snapshot v1, https://goo.gl/fbAQLP

exports[`Verify Android Key 1`] = `
Object {
  "counter": 0,
  "credentialId": "AZD7huwZVx7aW1efRa6Uq3JTQNorj3qA9yrLINXEcgvCQYtWiSQa1eOIVrXfCmip6MzP8KaITOvRLjy3TUHO7_c",
  "fmt": "android-safetynet",
  "publicKey": "-----BEGIN PUBLIC KEY-----
MFkwEwYHKoZIzj0CAQYIKoZIzj0DAQcDQgAEVRFkpSXqy20bqXLwWlwOQqqadQWu
Oh2Ux/naoJnjAmGJc2Cz12lWr8W6WeBumSVieocFvzYIigB6UjS/AcH/3Q==
-----END PUBLIC KEY-----",
}
`;
